################################################################################
#                                                                              #
#      IAR Universal Linker V6.4.6.89                                          #
#                                                                              #
#           Link time     =  13/Feb/2018  19:17:32                             #
#           Target CPU    =  x51                                               #
#           List file     =  D:\BLE-Broadcaster-Software\Projects\ble\SimpleBL #
#                            EBroadcaster\CC2541DB\CC2541\List\SimpleBLEBroadc #
#                            aster.map                                         #
#           Output file 1 =  D:\BLE-Broadcaster-Software\Projects\ble\SimpleBL #
#                            EBroadcaster\CC2541DB\CC2541\Exe\SimpleBLEBroadca #
#                            ster.hex                                          #
#                            Format: intel-extended                            #
#           Command line  =  -f                                                #
#                            C:\Users\Windoof\AppData\Local\Temp\EW3CE7.tmp    #
#                            (D:\BLE-Broadcaster-Software\Projects\ble\SimpleB #
#                            LEBroadcaster\CC2541DB\CC2541\Obj\Application.r51 #
#                            D:\BLE-Broadcaster-Software\Projects\ble\SimpleBL #
#                            EBroadcaster\CC2541DB\CC2541\Obj\BME280.r51       #
#                            D:\BLE-Broadcaster-Software\Projects\ble\SimpleBL #
#                            EBroadcaster\CC2541DB\CC2541\Obj\broadcaster.r51  #
#                            D:\BLE-Broadcaster-Software\Projects\ble\LIBRARIE #
#                            S\CC2541DB\bin\CC2541_BLE_bcast.lib               #
#                            D:\BLE-Broadcaster-Software\Projects\ble\Librarie #
#                            s\Common\bin\CC254x_BLE_HCI_TL_None.lib           #
#                            D:\BLE-Broadcaster-Software\Projects\ble\SimpleBL #
#                            EBroadcaster\CC2541DB\CC2541\Obj\gap.r51          #
#                            D:\BLE-Broadcaster-Software\Projects\ble\SimpleBL #
#                            EBroadcaster\CC2541DB\CC2541\Obj\gattservapp_util #
#                            .r51                                              #
#                            D:\BLE-Broadcaster-Software\Projects\ble\SimpleBL #
#                            EBroadcaster\CC2541DB\CC2541\Obj\hal_adc.r51      #
#                            D:\BLE-Broadcaster-Software\Projects\ble\SimpleBL #
#                            EBroadcaster\CC2541DB\CC2541\Obj\hal_aes.r51      #
#                            D:\BLE-Broadcaster-Software\Projects\ble\SimpleBL #
#                            EBroadcaster\CC2541DB\CC2541\Obj\hal_dma.r51      #
#                            D:\BLE-Broadcaster-Software\Projects\ble\SimpleBL #
#                            EBroadcaster\CC2541DB\CC2541\Obj\hal_drivers.r51  #
#                            D:\BLE-Broadcaster-Software\Projects\ble\SimpleBL #
#                            EBroadcaster\CC2541DB\CC2541\Obj\hal_flash.r51    #
#                            D:\BLE-Broadcaster-Software\Projects\ble\SimpleBL #
#                            EBroadcaster\CC2541DB\CC2541\Obj\hal_i2c.r51      #
#                            D:\BLE-Broadcaster-Software\Projects\ble\SimpleBL #
#                            EBroadcaster\CC2541DB\CC2541\Obj\hal_key.r51      #
#                            D:\BLE-Broadcaster-Software\Projects\ble\SimpleBL #
#                            EBroadcaster\CC2541DB\CC2541\Obj\hal_lcd.r51      #
#                            D:\BLE-Broadcaster-Software\Projects\ble\SimpleBL #
#                            EBroadcaster\CC2541DB\CC2541\Obj\hal_led.r51      #
#                            D:\BLE-Broadcaster-Software\Projects\ble\SimpleBL #
#                            EBroadcaster\CC2541DB\CC2541\Obj\hal_sleep.r51    #
#                            D:\BLE-Broadcaster-Software\Projects\ble\SimpleBL #
#                            EBroadcaster\CC2541DB\CC2541\Obj\hal_startup.r51  #
#                            D:\BLE-Broadcaster-Software\Projects\ble\SimpleBL #
#                            EBroadcaster\CC2541DB\CC2541\Obj\hal_timer.r51    #
#                            D:\BLE-Broadcaster-Software\Projects\ble\SimpleBL #
#                            EBroadcaster\CC2541DB\CC2541\Obj\hal_uart.r51     #
#                            D:\BLE-Broadcaster-Software\Projects\ble\SimpleBL #
#                            EBroadcaster\CC2541DB\CC2541\Obj\HTU21D.r51       #
#                            D:\BLE-Broadcaster-Software\Projects\ble\SimpleBL #
#                            EBroadcaster\CC2541DB\CC2541\Obj\npi.r51          #
#                            D:\BLE-Broadcaster-Software\Projects\ble\SimpleBL #
#                            EBroadcaster\CC2541DB\CC2541\Obj\OnBoard.r51      #
#                            D:\BLE-Broadcaster-Software\Projects\ble\SimpleBL #
#                            EBroadcaster\CC2541DB\CC2541\Obj\OSAL.r51         #
#                            D:\BLE-Broadcaster-Software\Projects\ble\SimpleBL #
#                            EBroadcaster\CC2541DB\CC2541\Obj\osal_bufmgr.r51  #
#                            D:\BLE-Broadcaster-Software\Projects\ble\SimpleBL #
#                            EBroadcaster\CC2541DB\CC2541\Obj\osal_cbtimer.r51 #
#                            D:\BLE-Broadcaster-Software\Projects\ble\SimpleBL #
#                            EBroadcaster\CC2541DB\CC2541\Obj\OSAL_ClockBLE.r5 #
#                            1                                                 #
#                            D:\BLE-Broadcaster-Software\Projects\ble\SimpleBL #
#                            EBroadcaster\CC2541DB\CC2541\Obj\OSAL_Memory.r51  #
#                            D:\BLE-Broadcaster-Software\Projects\ble\SimpleBL #
#                            EBroadcaster\CC2541DB\CC2541\Obj\OSAL_PwrMgr.r51  #
#                            D:\BLE-Broadcaster-Software\Projects\ble\SimpleBL #
#                            EBroadcaster\CC2541DB\CC2541\Obj\OSAL_SimpleBLEBr #
#                            oadcaster.r51                                     #
#                            D:\BLE-Broadcaster-Software\Projects\ble\SimpleBL #
#                            EBroadcaster\CC2541DB\CC2541\Obj\osal_snv.r51     #
#                            D:\BLE-Broadcaster-Software\Projects\ble\SimpleBL #
#                            EBroadcaster\CC2541DB\CC2541\Obj\OSAL_Timers.r51  #
#                            D:\BLE-Broadcaster-Software\Projects\ble\SimpleBL #
#                            EBroadcaster\CC2541DB\CC2541\Obj\Si7021.r51       #
#                            D:\BLE-Broadcaster-Software\Projects\ble\SimpleBL #
#                            EBroadcaster\CC2541DB\CC2541\Obj\simpleBLEBroadca #
#                            ster.r51                                          #
#                            D:\BLE-Broadcaster-Software\Projects\ble\SimpleBL #
#                            EBroadcaster\CC2541DB\CC2541\Obj\SimpleBLEBroadca #
#                            ster_Main.r51                                     #
#                            -o                                                #
#                            D:\BLE-Broadcaster-Software\Projects\ble\SimpleBL #
#                            EBroadcaster\CC2541DB\CC2541\Exe\SimpleBLEBroadca #
#                            ster.hex                                          #
#                            -Fintel-extended -l                               #
#                            D:\BLE-Broadcaster-Software\Projects\ble\SimpleBL #
#                            EBroadcaster\CC2541DB\CC2541\List\SimpleBLEBroadc #
#                            aster.map                                         #
#                            -xmsn                                             #
#                            -ID:\BLE-Broadcaster-Software\Projects\ble\Simple #
#                            BLEBroadcaster\CC2541DB\..\..\common\cc2540\      #
#                            -f                                                #
#                            D:\BLE-Broadcaster-Software\Projects\ble\SimpleBL #
#                            EBroadcaster\CC2541DB\..\..\common\cc2540\ti_51ew #
#                            _cc2540b.xcl                                      #
#                            (-D_IDATA_END=0xFF -D_PDATA_START=0x1E00          #
#                            -D_PDATA_END=0x1EFF -D_IXDATA_START=0x0001        #
#                            -D_IXDATA_END=0x1EFF                              #
#                            -D_XDATA_START=_IXDATA_START                      #
#                            -D_XDATA_END=_IXDATA_END -D_CODE_START=0x0000     #
#                            -D_CODE_END=0x7FFF -D_FIRST_BANK_ADDR=0x10000     #
#                            -D_NEAR_CODE_END=_CODE_END -D?REGISTER_BANK=0     #
#                            -D_REGISTER_BANK_START=0 -D?PBANK_NUMBER=0x1E     #
#                            -D_BREG_START=0x00 -D?VB=0x20                     #
#                            -D_FAR_DATA_NR_OF_BANKS=0x0E                      #
#                            -D_FAR_DATA_START=0x010001                        #
#                            -D_FAR_DATA_END=0xFFFFFF                          #
#                            -D_FAR_CODE_START=_CODE_START                     #
#                            -D_FAR_CODE_END=_CODE_END                         #
#                            -Z(BIT)BREG=_BREG_START -Z(BIT)BIT_N=0-7F         #
#                            -Z(DATA)REGISTERS+8=_REGISTER_BANK_START          #
#                            -Z(DATA)BDATA_Z,BDATA_N,BDATA_I=20-2F             #
#                            -Z(DATA)VREG+2=08-7F -Z(DATA)PSP,XSP=08-7F        #
#                            -Z(DATA)DOVERLAY=08-7F                            #
#                            -Z(DATA)DATA_I,DATA_Z,DATA_N=08-7F                #
#                            -U(IDATA)0-7F=(DATA)0-7F                          #
#                            -Z(IDATA)IDATA_I,IDATA_Z,IDATA_N=08-_IDATA_END    #
#                            -Z(IDATA)ISTACK+_IDATA_STACK_SIZE#08-_IDATA_END   #
#                            -Z(IDATA)IOVERLAY=08-FF                           #
#                            -Z(CODE)INTVEC=_CODE_START                        #
#                            -Z(CODE)CSTART=_CODE_START-_CODE_END              #
#                            -Z(CODE)BIT_ID,BDATA_ID,DATA_ID,IDATA_ID,IXDATA_I #
#                            D,PDATA_ID,XDATA_ID=_CODE_START-_CODE_END         #
#                            -Z(CODE)HUGE_ID=_FAR_CODE_START-_FAR_CODE_END     #
#                            -D_SLEEP_CODE_SPACE_START=(_CODE_END-7)           #
#                            -D_SLEEP_CODE_SPACE_END=(_CODE_END)               #
#                            -Z(CODE)SLEEP_CODE=_SLEEP_CODE_SPACE_START-_SLEEP #
#                            _CODE_SPACE_END                                   #
#                            -Z(CODE)BANK_RELAYS,RCODE,DIFUNCT,CODE_N,NEAR_COD #
#                            E=_CODE_START-_CODE_END                           #
#                            -P(CODE)CODE_C=_CODE_START-_CODE_END              #
#                            -P(CONST)XDATA_ROM_C=0x8000-0xFFFF                #
#                            -P(CODE)XDATA_ROM_C_FLASH=0x18000-0x1FFFF         #
#                            -QXDATA_ROM_C=XDATA_ROM_C_FLASH                   #
#                            -P(CODE)BANKED_CODE=_CODE_START-_CODE_END,[(_CODE #
#                            BANK_START+_FIRST_BANK_ADDR)-(_CODEBANK_END+_FIRS #
#                            T_BANK_ADDR)]*_NR_OF_BANKS+10000                  #
#                            -P(CODE)FAR_CODE_C,FAR_CODE_N,FAR_CODE=[_FAR_CODE #
#                            _START-_FAR_CODE_END]/10000                       #
#                            -P(CODE)HUGE_CODE_C=_FAR_CODE_START-_FAR_CODE_END #
#                            -Z(CODE)CHECKSUM#_CODE_END                        #
#                            -Z(XDATA)EXT_STACK+_EXTENDED_STACK_SIZE=_EXTENDED #
#                            _STACK_START                                      #
#                            -Z(XDATA)PSTACK+_PDATA_STACK_SIZE=_PDATA_START-_P #
#                            DATA_END                                          #
#                            -Z(XDATA)XSTACK+_XDATA_STACK_SIZE=_XDATA_START-_X #
#                            DATA_END                                          #
#                            -Z(XDATA)PDATA_Z,PDATA_I=_PDATA_START-_PDATA_END  #
#                            -P(XDATA)PDATA_N=_PDATA_START-_PDATA_END          #
#                            -Z(XDATA)IXDATA_Z,IXDATA_I=_IXDATA_START-_IXDATA_ #
#                            END                                               #
#                            -P(XDATA)IXDATA_N=_IXDATA_START-_IXDATA_END       #
#                            -Z(XDATA)XDATA_Z,XDATA_I=_XDATA_START-_XDATA_END  #
#                            -P(XDATA)XDATA_N=_XDATA_START-_XDATA_END          #
#                            -Z(XDATA)XDATA_HEAP+_XDATA_HEAP_SIZE=_XDATA_START #
#                            -_XDATA_END                                       #
#                            -Z(XDATA)FAR_Z=[_FAR_DATA_START-_FAR_DATA_END]/10 #
#                            000                                               #
#                            -Z(XDATA)FAR_I=[_FAR_DATA_START-_FAR_DATA_END]/10 #
#                            000                                               #
#                            -Z(CODE)FAR_ID=[_FAR_CODE_START-_FAR_CODE_END]/10 #
#                            000                                               #
#                            -Z(XDATA)FAR_HEAP+_FAR_HEAP_SIZE=[_FAR_DATA_START #
#                            -_FAR_DATA_END]/10000                             #
#                            -P(XDATA)FAR_N=[_FAR_DATA_START-_FAR_DATA_END]*_F #
#                            AR_DATA_NR_OF_BANKS+10000                         #
#                            -P(CONST)FAR_ROM_C=[_FAR_DATA_START-_FAR_DATA_END #
#                            ]*_FAR_DATA_NR_OF_BANKS+10000                     #
#                            -Z(XDATA)HUGE_Z,HUGE_I=_FAR_DATA_START-_FAR_DATA_ #
#                            END                                               #
#                            -P(XDATA)HUGE_N=_FAR_DATA_START-_FAR_DATA_END     #
#                            -Z(XDATA)HUGE_HEAP+_HUGE_HEAP_SIZE=_FAR_DATA_STAR #
#                            T-_FAR_DATA_END                                   #
#                            -Z(CONST)HUGE_ROM_C=_FAR_DATA_START-_FAR_DATA_END #
#                            -cx51 -D_BLENV_ADDRESS_SPACE_START=0x7E800        #
#                            -D_BLENV_ADDRESS_SPACE_END=0x7F7FF                #
#                            -Z(CODE)BLENV_ADDRESS_SPACE=_BLENV_ADDRESS_SPACE_ #
#                            START-_BLENV_ADDRESS_SPACE_END                    #
#                            -D_BANK0_START=0x00000 -D_BANK0_END=0x07FFF       #
#                            -D_BANK1_START=0x18000 -D_BANK1_END=0x1FFFF       #
#                            -D_BANK2_START=0x28000 -D_BANK2_END=0x2FFFF       #
#                            -D_BANK3_START=0x38000 -D_BANK3_END=0x3FFFF       #
#                            -D_BANK4_START=0x48000 -D_BANK4_END=0x4FFFF       #
#                            -D_BANK5_START=0x58000 -D_BANK5_END=0x5FFFF       #
#                            -D_BANK6_START=0x68000 -D_BANK6_END=0x6FFFF       #
#                            -D_BANK7_START=0x78000                            #
#                            -D_BANK7_END=(_BLENV_ADDRESS_SPACE_START-1)       #
#                            -P(CODE)BANK0=_BANK0_START-_BANK0_END             #
#                            -P(CODE)BANK1=_BANK1_START-_BANK1_END             #
#                            -P(CODE)BANK2=_BANK2_START-_BANK2_END             #
#                            -P(CODE)BANK3=_BANK3_START-_BANK3_END             #
#                            -P(CODE)BANK4=_BANK4_START-_BANK4_END             #
#                            -P(CODE)BANK5=_BANK5_START-_BANK5_END             #
#                            -P(CODE)BANK6=_BANK6_START-_BANK6_END             #
#                            -P(CODE)BANK7=_BANK7_START-_BANK7_END             #
#                            -M(CODE)[(_CODEBANK_START+_FIRST_BANK_ADDR)-(_COD #
#                            EBANK_END+_FIRST_BANK_ADDR)]*_NR_OF_BANKS+0x10000 #
#                            =0x8000                                           #
#                            -ww69=i                                           #
#                            -D_FLASH_LOCK_BITS_START=((_NR_OF_BANKS*_FIRST_BA #
#                            NK_ADDR)+0xFFF0)                                  #
#                            -D_FLASH_LOCK_BITS_END=((_NR_OF_BANKS*_FIRST_BANK #
#                            _ADDR)+0xFFFF)                                    #
#                            -Z(CODE)FLASH_LOCK_BITS=_FLASH_LOCK_BITS_START-_F #
#                            LASH_LOCK_BITS_END                                #
#                            -U(CODE)0x0000=(CODE)_FLASH_LOCK_BITS_START-_FLAS #
#                            H_LOCK_BITS_END)                                  #
#                            -D_NR_OF_VIRTUAL_REGISTERS=10 -D?PBANK=0x93       #
#                            -D?CBANK=0x9F -D?CBANK_MASK=0xFF                  #
#                            -e?BCALL_FF=?BCALL -e?BRET_FF=?BRET               #
#                            -e?BDISPATCH_FF=?BDISPATCH                        #
#                            -D_CODEBANK_START=0x8000 -D_CODEBANK_END=0xFFFF   #
#                            -D_NR_OF_BANKS=0x07                               #
#                            "-IC:\Program Files (x86)\IAR Systems\Embedded Wo #
#                            rkbench 8.0\8051\CONFIG\"                         #
#                            -e_large_write=_formatted_write                   #
#                            -e_large_read=_formatted_read -s                  #
#                            __program_start                                   #
#                            "C:\Program Files (x86)\IAR Systems\Embedded Work #
#                            bench 8.0\8051\LIB\CLIB\cl-pli-blxd-1e16x01.r51"  #
#                            -D_IDATA_STACK_SIZE=0xCC -D?ESP=0 -D?ESP_MASK=0   #
#                            -D_EXTENDED_STACK_START=0                         #
#                            -D_EXTENDED_STACK_SIZE=0                          #
#                            -D_PDATA_STACK_SIZE=0x00                          #
#                            -D_XDATA_STACK_SIZE=0x280                         #
#                            -D_XDATA_HEAP_SIZE=0xFF -D_FAR_HEAP_SIZE=0xFFF    #
#                            -D_HUGE_HEAP_SIZE=0xFFF                           #
#                            -D_FAR22_HEAP_SIZE=0xFFF)                         #
#                                                                              #
#                           Copyright (C) 1987-2016 IAR Systems AB.            #
################################################################################





                ****************************************
                *                                      *
                *           CROSS REFERENCE            *
                *                                      *
                ****************************************

       Program entry at : CODE      0000011A  Relocatable, from module : CSTARTUP




                ****************************************
                *                                      *
                *            RUNTIME MODEL             *
                *                                      *
                ****************************************

  __SystemLibrary          = CLib
  __calling_convention     = xdata_reentrant
  __code_model             = banked
  __core                   = plain
  __data_model             = large
  __dptr_size              = 16
  __extended_stack         = disabled
  __location_for_constants = data
  __number_of_dptrs        = 1
  __register_banks         = *
  __rt_version             = 1

                ****************************************
                *                                      *
                *    AUTOMATIC SYMBOL REDIRECTIONS     *
                *                                      *
                ****************************************

                  There are no automatic symbol redirections.



                ****************************************
                *                                      *
                *              MODULE MAP              *
                *                                      *
                ****************************************


  DEFINED ABSOLUTE ENTRIES
    *************************************************************************

  DEFINED ABSOLUTE ENTRIES
  PROGRAM MODULE, NAME : ?ABS_ENTRY_MOD

Absolute parts
           ENTRY                   ADDRESS         REF BY
           =====                   =======         ======
           _FLASH_LOCK_BITS_END    0003FFFF 
           _FLASH_LOCK_BITS_START
                                   0003FFF0 
           _FAR22_HEAP_SIZE        00000FFF 
           _HUGE_HEAP_SIZE         00000FFF 
           _FAR_HEAP_SIZE          00000FFF 
           _XDATA_HEAP_SIZE        000000FF 
           _XDATA_STACK_SIZE       00000280 
           _PDATA_STACK_SIZE       00000000 
           _EXTENDED_STACK_SIZE    00000000 
           _EXTENDED_STACK_START   00000000 
           ?ESP_MASK               00000000 
           ?ESP                    00000000 
           _IDATA_STACK_SIZE       000000CC 
           _NR_OF_BANKS            00000007 
           _CODEBANK_END           0000FFFF 
           _CODEBANK_START         00008000 
           ?CBANK_MASK             000000FF 
           ?CBANK                  0000009F        ?RESET_CODE_BANK (CSTARTUP)
                                                   Segment part 0 (?BANKED_CODE_SUPPORT)
           ?PBANK                  00000093 
           _NR_OF_VIRTUAL_REGISTERS
                                   00000010 
           _BANK7_END              0003E7FF 
           _BANK7_START            00038000 
           _BANK6_END              00037FFF 
           _BANK6_START            00030000 
           _BANK5_END              0002FFFF 
           _BANK5_START            00028000 
           _BANK4_END              00027FFF 
           _BANK4_START            00020000 
           _BANK3_END              0001FFFF 
           _BANK3_START            00018000 
           _BANK2_END              00017FFF 
           _BANK2_START            00010000 
           _BANK1_END              0000FFFF 
           _BANK1_START            00008000 
           _BANK0_END              00007FFF 
           _BANK0_START            00000000 
           _BLENV_ADDRESS_SPACE_END
                                   0003F7FF 
           _BLENV_ADDRESS_SPACE_START
                                   0003E800 
           _SLEEP_CODE_SPACE_END   00007FFF 
           _SLEEP_CODE_SPACE_START
                                   00007FF8 
           _FAR_CODE_END           00007FFF 
           _FAR_CODE_START         00000000 
           _FAR_DATA_END           00FFFFFF 
           _FAR_DATA_START         00010001 
           _FAR_DATA_NR_OF_BANKS   0000000E 
           ?VB                     00000020        ?BANKED_ENTER_XDATA (?BANKED_ENTER_XDATA)
                                                   ?BANKED_LEAVE_XDATA (?BANKED_LEAVE_XDATA)
                                                   ?FUNC_ENTER_XDATA (?FUNC_ENTER_XDATA)
                                                   ?FUNC_LEAVE_XDATA (?FUNC_LEAVE_XDATA)
                                                   ?INTERRUPT_ENTER_XSP (?INTERRUPT_ENTER_XSP)
                                                   ?INTERRUPT_LEAVE_XSP (?INTERRUPT_LEAVE_XSP)
           _BREG_START             00000000 
           ?PBANK_NUMBER           0000001E 
           _REGISTER_BANK_START    00000000 
           ?REGISTER_BANK          00000000        Segment part 6 (CSTARTUP)
           _NEAR_CODE_END          00007FFF 
           _FIRST_BANK_ADDR        00010000 
           _CODE_END               00007FFF 
           _CODE_START             00000000 
           _XDATA_END              00001EFF 
           _XDATA_START            00000001 
           _IXDATA_END             00001EFF 
           _IXDATA_START           00000001 
           _PDATA_END              00001EFF 
           _PDATA_START            00001E00 
           _IDATA_END              000000FF 
    *************************************************************************

  FILE NAME : D:\BLE-Broadcaster-Software\Projects\ble\SimpleBLEBroadcaster\CC2541DB\CC2541\Obj\Application.r51
  PROGRAM MODULE, NAME : Application

  SEGMENTS IN THE MODULE
  ======================
SFR_AN
  Relative segment, address: DATA 00000080 - 00000080 (0x1 bytes), align: 0
  Segment part 1. ROOT        Intra module refs:   LL_PowerOffReq (ll_sleep)
                                                   LL_PowerOnReq (ll_sleep)
                                                   init_luminance_sensor
                                                   read_luminance_sensor
           ENTRY                   ADDRESS         REF BY
           =====                   =======         ======
           _A_P0                   00000080 
           LOCAL                   ADDRESS         
           =====                   =======         
           P0                      00000080 
    -------------------------------------------------------------------------
SFR_AN
  Relative segment, address: DATA 0000008A - 0000008A (0x1 bytes), align: 0
  Segment part 2. ROOT        Intra module refs:   halKeyPort1Isr
           ENTRY                   ADDRESS         REF BY
           =====                   =======         ======
           P1IFG                   0000008A 
    -------------------------------------------------------------------------
SFR_AN
  Relative segment, address: DATA 0000008C - 0000008C (0x1 bytes), align: 0
  Segment part 3. ROOT        Intra module refs:   halKeyPort1Isr
           ENTRY                   ADDRESS         REF BY
           =====                   =======         ======
           PICTL                   0000008C 
    -------------------------------------------------------------------------
SFR_AN
  Relative segment, address: DATA 0000008F - 0000008F (0x1 bytes), align: 0
  Segment part 4. ROOT        Intra module refs:   init_luminance_sensor
           ENTRY                   ADDRESS         REF BY
           =====                   =======         ======
           P0INP                   0000008F 
    -------------------------------------------------------------------------
SFR_AN
  Relative segment, address: DATA 00000090 - 00000090 (0x1 bytes), align: 0
  Segment part 5. ROOT        Intra module refs:   LL_PowerOffReq (ll_sleep)
                                                   LL_PowerOnReq (ll_sleep)
                                                   init_Contact
                                                   init_SupplySensor
                                                   llExtendRfRange (ll_common)
                                                   llProcessPostRfOps (ll_common)
                                                   llRfInit (ll_common)
                                                   llSetRxGain (ll_common)
                                                   read_Contact
           ENTRY                   ADDRESS         REF BY
           =====                   =======         ======
           _A_P1                   00000090 
           LOCAL                   ADDRESS         
           =====                   =======         
           P1                      00000090 
    -------------------------------------------------------------------------
SFR_AN
  Relative segment, address: DATA 000000A8 - 000000A8 (0x1 bytes), align: 0
  Segment part 6. ROOT        Intra module refs:   HalFlashRead (hal_flash)
                                                   LL_Init (ll)
                                                   LL_ProcessEvent (ll)
                                                   LL_Reset (ll)
                                                   LL_SetAdvControl (ll)
                                                   Onboard_soft_reset (OnBoard)
                                                   RF_NormalIsr (ll_isr)
                                                   halKeyPort1Isr
                                                   halSetSleepMode (hal_sleep)
                                                   halSleep (hal_sleep)
                                                   halSleepSetTimer (hal_sleep)
                                                   halSleepTimerIsr (hal_sleep)
                                                   llClearSetInts (ll_common)
                                                   llDisableT2E1 (ll_timer2)
                                                   llDisableT2Ints (ll_timer2)
                                                   llDisableT2IntsEvts (ll_timer2)
                                                   llGetCurrentTime (ll_timer2)
                                                   llGetFullCTandST (ll_timer2)
                                                   llGetSleepTimer (ll_timer2)
                                                   llInitTimer2 (ll_timer2)
                                                   llSetT2C1Event1 (ll_timer2)
                                                   llSetT2LongC1Event1 (ll_timer2)
                                                   llSetT2LongC1Timeout (ll_timer2)
                                                   llSetT2OVFC2Event2 (ll_timer2)
                                                   llStartTimer2 (ll_timer2)
                                                   llStopTimer2 (ll_timer2)
                                                   llT2OVFC1_ISR (ll_isr)
                                                   ll_McuPrecisionCount (ll_timer2)
                                                   main (SimpleBLEBroadcaster_Main)
                                                   osalTimerUpdate (OSAL_Timers)
                                                   osal_CbTimerProcessEvent (osal_cbtimer)
                                                   osal_bm_free (osal_bufmgr)
                                                   osal_clear_event (OSAL)
                                                   osal_get_timeoutEx (OSAL_Timers)
                                                   osal_int_disable (OSAL)
                                                   osal_mem_alloc (OSAL_Memory)
                                                   osal_mem_free (OSAL_Memory)
                                                   osal_mem_kick (OSAL_Memory)
                                                   osal_msg_enqueue (OSAL)
                                                   osal_msg_extract (OSAL)
                                                   osal_msg_push (OSAL)
                                                   osal_msg_receive (OSAL)
                                                   osal_pwrmgr_powerconserve (OSAL_PwrMgr)
                                                   osal_pwrmgr_task_state (OSAL_PwrMgr)
                                                   osal_run_system (OSAL)
                                                   osal_set_event (OSAL)
                                                   osal_start_reload_timer (OSAL_Timers)
                                                   osal_start_timerEx (OSAL_Timers)
                                                   osal_stop_timerEx (OSAL_Timers)
           ENTRY                   ADDRESS         REF BY
           =====                   =======         ======
           _A_IEN0                 000000A8 
           LOCAL                   ADDRESS         
           =====                   =======         
           IEN0                    000000A8 
    -------------------------------------------------------------------------
SFR_AN
  Relative segment, address: DATA 000000E8 - 000000E8 (0x1 bytes), align: 0
  Segment part 7. ROOT        Intra module refs:   halKeyPort1Isr
           ENTRY                   ADDRESS         REF BY
           =====                   =======         ======
           _A_IRCON2               000000E8 
           LOCAL                   ADDRESS         
           =====                   =======         
           IRCON2                  000000E8 
    -------------------------------------------------------------------------
SFR_AN
  Relative segment, address: DATA 000000F2 - 000000F2 (0x1 bytes), align: 0
  Segment part 8. ROOT        Intra module refs:   start_luminance_sensor
           ENTRY                   ADDRESS         REF BY
           =====                   =======         ======
           APCFG                   000000F2 
    -------------------------------------------------------------------------
SFR_AN
  Relative segment, address: DATA 000000F3 - 000000F3 (0x1 bytes), align: 0
  Segment part 9. ROOT        Intra module refs:   init_luminance_sensor
                                                   read_luminance_sensor
           ENTRY                   ADDRESS         REF BY
           =====                   =======         ======
           P0SEL                   000000F3 
    -------------------------------------------------------------------------
SFR_AN
  Relative segment, address: DATA 000000F4 - 000000F4 (0x1 bytes), align: 0
  Segment part 10. ROOT       Intra module refs:   LL_PowerOffReq (ll_sleep)
                                                   init_Contact
                                                   init_SupplySensor
                                                   llExtendRfRange (ll_common)
           ENTRY                   ADDRESS         REF BY
           =====                   =======         ======
           P1SEL                   000000F4 
    -------------------------------------------------------------------------
SFR_AN
  Relative segment, address: DATA 000000F6 - 000000F6 (0x1 bytes), align: 0
  Segment part 11. ROOT       Intra module refs:   init_Contact
                                                   init_SupplySensor
                                                   read_Contact
           ENTRY                   ADDRESS         REF BY
           =====                   =======         ======
           P1INP                   000000F6 
    -------------------------------------------------------------------------
SFR_AN
  Relative segment, address: DATA 000000F7 - 000000F7 (0x1 bytes), align: 0
  Segment part 12. ROOT       Intra module refs:   init_Contact
           ENTRY                   ADDRESS         REF BY
           =====                   =======         ======
           P2INP                   000000F7 
    -------------------------------------------------------------------------
SFR_AN
  Relative segment, address: DATA 000000FD - 000000FD (0x1 bytes), align: 0
  Segment part 13. ROOT       Intra module refs:   init_luminance_sensor
                                                   read_luminance_sensor
                                                   start_luminance_sensor
           ENTRY                   ADDRESS         REF BY
           =====                   =======         ======
           P0DIR                   000000FD 
    -------------------------------------------------------------------------
SFR_AN
  Relative segment, address: DATA 000000FE - 000000FE (0x1 bytes), align: 0
  Segment part 14. ROOT       Intra module refs:   LL_PowerOffReq (ll_sleep)
                                                   init_Contact
                                                   init_SupplySensor
                                                   llExtendRfRange (ll_common)
           ENTRY                   ADDRESS         REF BY
           =====                   =======         ======
           P1DIR                   000000FE 
    -------------------------------------------------------------------------
XDATA_Z
  Relative segment, address: XDATA 00000281 - 00000281 (0x1 bytes), align: 0
  Segment part 21.            Intra module refs:   HalI2CEnterSleep
                                                   HalI2CExitSleep
           LOCAL                   ADDRESS         
           =====                   =======         
           i2cAddrSave             00000281 
    -------------------------------------------------------------------------
XDATA_Z
  Relative segment, address: XDATA 00000282 - 00000282 (0x1 bytes), align: 0
  Segment part 22.            Intra module refs:   HalI2CEnterSleep
                                                   HalI2CExitSleep
           LOCAL                   ADDRESS         
           =====                   =======         
           i2cCfgSave              00000282 
    -------------------------------------------------------------------------
<BANKED_CODE,CODE_C> 1 (was BANKED_CODE)
  Relative segment, address: CODE 00003E43 - 00003E78 (0x36 bytes), align: 0
  Segment part 47.            Intra module refs:   i2cMstStrt::?relay
           LOCAL                   ADDRESS         
           =====                   =======         
           i2cMstStrt              00003E43 
               XSTACK = 0000000B ( 00000000 )
               ISTACK = 00000000 ( 00000002 )
    -------------------------------------------------------------------------
<BANKED_CODE,CODE_C> 1 (was BANKED_CODE)
  Relative segment, address: CODE 00003E79 - 00003E79 (0x1 bytes), align: 0
  Segment part 49.            Intra module refs:   HalI2CEnterSleep
                                                   HalI2CExitSleep
                                                   HalI2CInit
           LOCAL                   ADDRESS         
           =====                   =======         
           ?Subroutine0            00003E79 
    -------------------------------------------------------------------------
<BANKED_CODE,CODE_C> 1 (was BANKED_CODE)
  Relative segment, address: CODE 00003E7A - 00003E80 (0x7 bytes), align: 0
  Segment part 50.            Intra module refs:   ?Subroutine0
                                                   i2cMstStrt
                                                   init_Modules
                                                   init_adc
    -------------------------------------------------------------------------
<BANKED_CODE,CODE_C> 1 (was BANKED_CODE)
  Relative segment, address: CODE 00003E81 - 00003E9E (0x1e bytes), align: 0
  Segment part 51.            Intra module refs:   HalI2CInit::?relay
           ENTRY                   ADDRESS         REF BY
           =====                   =======         ======
           HalI2CInit              00003E81 
               ISTACK = 00000000 ( 00000002 )
    -------------------------------------------------------------------------
<BANKED_CODE,CODE_C> 1 (was BANKED_CODE)
  Relative segment, address: CODE 00003E9F - 00003F15 (0x77 bytes), align: 0
  Segment part 53.            Intra module refs:   HalI2CRead::?relay
           ENTRY                   ADDRESS         REF BY
           =====                   =======         ======
           HalI2CRead              00003E9F 
               calls direct
               XSTACK = 00000000 ( 0000000B )
               ISTACK = 00000000 ( 00000001 )
    -------------------------------------------------------------------------
<BANKED_CODE,CODE_C> 1 (was BANKED_CODE)
  Relative segment, address: CODE 00003F16 - 00003F77 (0x62 bytes), align: 0
  Segment part 55.            Intra module refs:   HalI2CWrite::?relay
           ENTRY                   ADDRESS         REF BY
           =====                   =======         ======
           HalI2CWrite             00003F16 
               calls direct
               XSTACK = 00000000 ( 0000000A )
    -------------------------------------------------------------------------
<BANKED_CODE,CODE_C> 1 (was BANKED_CODE)
  Relative segment, address: CODE 00003F78 - 00003F7C (0x5 bytes), align: 0
  Segment part 57.            Intra module refs:   Application_ProcessEvent
                                                   HalI2CWrite
                                                   read_luminance_sensor
           LOCAL                   ADDRESS         
           =====                   =======         
           ?Subroutine1            00003F78 
    -------------------------------------------------------------------------
<BANKED_CODE,CODE_C> 1 (was BANKED_CODE)
  Relative segment, address: CODE 00003F7D - 00003F7F (0x3 bytes), align: 0
  Segment part 58.            Intra module refs:   HalI2CRead
                                                   HalI2CWrite
                                                   i2cMstStrt
           LOCAL                   ADDRESS         
           =====                   =======         
           ?Subroutine6            00003F7D 
    -------------------------------------------------------------------------
<BANKED_CODE,CODE_C> 1 (was BANKED_CODE)
  Relative segment, address: CODE 00003F80 - 00003F84 (0x5 bytes), align: 0
  Segment part 59.            Intra module refs:   ?Subroutine6
                                                   HalI2CRead
                                                   HalI2CWrite
    -------------------------------------------------------------------------
<BANKED_CODE,CODE_C> 1 (was BANKED_CODE)
  Relative segment, address: CODE 00003F85 - 00003F9A (0x16 bytes), align: 0
  Segment part 62.            Intra module refs:   HalI2CEnterSleep::?relay
           ENTRY                   ADDRESS         REF BY
           =====                   =======         ======
           HalI2CEnterSleep        00003F85 
               ISTACK = 00000000 ( 00000002 )
    -------------------------------------------------------------------------
<BANKED_CODE,CODE_C> 1 (was BANKED_CODE)
  Relative segment, address: CODE 00003F9B - 00003FB0 (0x16 bytes), align: 0
  Segment part 64.            Intra module refs:   HalI2CExitSleep::?relay
           ENTRY                   ADDRESS         REF BY
           =====                   =======         ======
           HalI2CExitSleep         00003F9B 
               ISTACK = 00000000 ( 00000002 )
    -------------------------------------------------------------------------
XDATA_Z
  Relative segment, address: XDATA 00000283 - 00000283 (0x1 bytes), align: 0
  Segment part 25.            Intra module refs:   Application_Init
                                                   Application_ProcessEvent
                                                   start_luminance_sensor
           LOCAL                   ADDRESS         
           =====                   =======         
           Application_TaskID      00000283 
    -------------------------------------------------------------------------
XDATA_Z
  Relative segment, address: XDATA 00000284 - 00000284 (0x1 bytes), align: 0
  Segment part 26.            Intra module refs:   Application_ProcessEvent
                                                   init_Modules
           LOCAL                   ADDRESS         
           =====                   =======         
           Si7021_init_state       00000284 
    -------------------------------------------------------------------------
XDATA_Z
  Relative segment, address: XDATA 00000285 - 00000285 (0x1 bytes), align: 0
  Segment part 27.            Intra module refs:   Application_ProcessEvent
                                                   init_Modules
           LOCAL                   ADDRESS         
           =====                   =======         
           BME280_init_state       00000285 
    -------------------------------------------------------------------------
XDATA_Z
  Relative segment, address: XDATA 00000286 - 00000286 (0x1 bytes), align: 0
  Segment part 28.            Intra module refs:   Application_ProcessEvent
                                                   init_Modules
           LOCAL                   ADDRESS         
           =====                   =======         
           HTU21D_init_state       00000286 
    -------------------------------------------------------------------------
<BANKED_CODE,CODE_C> 1 (was BANKED_CODE)
  Relative segment, address: CODE 00003FB1 - 00003FDC (0x2c bytes), align: 0
  Segment part 66.            Intra module refs:   Application_Init::?relay
           ENTRY                   ADDRESS         REF BY
           =====                   =======         ======
           Application_Init        00003FB1 
               calls direct
               XSTACK = 00000000 ( 0000000D )
    -------------------------------------------------------------------------
<BANKED_CODE,CODE_C> 1 (was BANKED_CODE)
  Relative segment, address: CODE 00003FDD - 0000400A (0x2e bytes), align: 0
  Segment part 68.            Intra module refs:   init_Modules::?relay
           ENTRY                   ADDRESS         REF BY
           =====                   =======         ======
           init_Modules            00003FDD 
               calls direct
               XSTACK = 00000010 ( 00000000 )
               ISTACK = 00000000 ( 00000002 )
    -------------------------------------------------------------------------
<BANKED_CODE,CODE_C> 1 (was BANKED_CODE)
  Relative segment, address: CODE 0000400B - 0000428B (0x281 bytes), align: 0
  Segment part 70.            Intra module refs:   Application_ProcessEvent::?relay
           ENTRY                   ADDRESS         REF BY
           =====                   =======         ======
           Application_ProcessEvent
                                   0000400B 
               calls direct
               XSTACK = 00000000 ( 00000014 )
    -------------------------------------------------------------------------
<BANKED_CODE,CODE_C> 1 (was BANKED_CODE)
  Relative segment, address: CODE 0000428C - 00004294 (0x9 bytes), align: 0
  Segment part 72.            Intra module refs:   Application_ProcessEvent
           LOCAL                   ADDRESS         
           =====                   =======         
           ?Subroutine5            0000428C 
    -------------------------------------------------------------------------
<BANKED_CODE,CODE_C> 1 (was BANKED_CODE)
  Relative segment, address: CODE 00004295 - 0000429D (0x9 bytes), align: 0
  Segment part 73.            Intra module refs:   Application_ProcessEvent
           LOCAL                   ADDRESS         
           =====                   =======         
           ?Subroutine4            00004295 
    -------------------------------------------------------------------------
<BANKED_CODE,CODE_C> 1 (was BANKED_CODE)
  Relative segment, address: CODE 0000429E - 000042A3 (0x6 bytes), align: 0
  Segment part 74.            Intra module refs:   Application_ProcessEvent
           LOCAL                   ADDRESS         
           =====                   =======         
           ?Subroutine3            0000429E 
    -------------------------------------------------------------------------
<BANKED_CODE,CODE_C> 1 (was BANKED_CODE)
  Relative segment, address: CODE 000042A4 - 000042A9 (0x6 bytes), align: 0
  Segment part 75.            Intra module refs:   ?Subroutine3
                                                   Application_ProcessEvent
    -------------------------------------------------------------------------
XDATA_I
  Relative segment, address: XDATA 00000873 - 00000874 (0x2 bytes), align: 0
  Segment part 29.            Intra module refs:   Application_ProcessEvent
           LOCAL                   ADDRESS         
           =====                   =======         
           Application_ProcessEvent{5}{6}::luminance_sensor_intervall_counter
                                   00000873 
    -------------------------------------------------------------------------
XDATA_I
  Relative segment, address: XDATA 00000875 - 00000876 (0x2 bytes), align: 0
  Segment part 31.            Intra module refs:   Application_ProcessEvent
           LOCAL                   ADDRESS         
           =====                   =======         
           Application_ProcessEvent{5}{6}{8}{9}::Si7021_intervall_counter
                                   00000875 
    -------------------------------------------------------------------------
XDATA_I
  Relative segment, address: XDATA 00000877 - 00000878 (0x2 bytes), align: 0
  Segment part 33.            Intra module refs:   Application_ProcessEvent
           LOCAL                   ADDRESS         
           =====                   =======         
           Application_ProcessEvent{5}{6}{11}{12}::BME280_intervall_counter
                                   00000877 
    -------------------------------------------------------------------------
XDATA_I
  Relative segment, address: XDATA 00000879 - 0000087A (0x2 bytes), align: 0
  Segment part 35.            Intra module refs:   Application_ProcessEvent
           LOCAL                   ADDRESS         
           =====                   =======         
           Application_ProcessEvent{5}{6}{14}{15}::HTU21D_intervall_counter
                                   00000879 
    -------------------------------------------------------------------------
XDATA_I
  Relative segment, address: XDATA 0000087B - 0000087C (0x2 bytes), align: 0
  Segment part 37.            Intra module refs:   Application_ProcessEvent
           LOCAL                   ADDRESS         
           =====                   =======         
           Application_ProcessEvent{5}{6}::internal_voltage_intervall_counter
                                   0000087B 
    -------------------------------------------------------------------------
<BANKED_CODE,CODE_C> 1 (was BANKED_CODE)
  Relative segment, address: CODE 000042AA - 000042B8 (0xf bytes), align: 0
  Segment part 76.            Intra module refs:   init_adc::?relay
           ENTRY                   ADDRESS         REF BY
           =====                   =======         ======
           init_adc                000042AA 
               calls direct
               XSTACK = 00000009 ( 00000000 )
               ISTACK = 00000000 ( 00000002 )
    -------------------------------------------------------------------------
<BANKED_CODE,CODE_C> 1 (was BANKED_CODE)
  Relative segment, address: CODE 000042B9 - 000042F9 (0x41 bytes), align: 0
  Segment part 78.            Intra module refs:   read_internal_voltage::?relay
           ENTRY                   ADDRESS         REF BY
           =====                   =======         ======
           read_internal_voltage   000042B9 
               calls direct
               XSTACK = 00000010 ( 00000010 )
    -------------------------------------------------------------------------
<BANKED_CODE,CODE_C> 1 (was BANKED_CODE)
  Relative segment, address: CODE 000042FA - 000042FE (0x5 bytes), align: 0
  Segment part 80.            Intra module refs:   read_internal_voltage
           LOCAL                   ADDRESS         
           =====                   =======         
           ?Subroutine2            000042FA 
    -------------------------------------------------------------------------
<BANKED_CODE,CODE_C> 1 (was BANKED_CODE)
  Relative segment, address: CODE 000042FF - 00004317 (0x19 bytes), align: 0
  Segment part 83.            Intra module refs:   init_luminance_sensor::?relay
           ENTRY                   ADDRESS         REF BY
           =====                   =======         ======
           init_luminance_sensor   000042FF 
    -------------------------------------------------------------------------
XDATA_I
  Relative segment, address: XDATA 0000087D - 0000087E (0x2 bytes), align: 0
  Segment part 39.            Intra module refs:   read_luminance_sensor
                                                   start_luminance_sensor
           LOCAL                   ADDRESS         
           =====                   =======         
           luminanceDelay          0000087D 
    -------------------------------------------------------------------------
<BANKED_CODE,CODE_C> 1 (was BANKED_CODE)
  Relative segment, address: CODE 00004318 - 0000434C (0x35 bytes), align: 0
  Segment part 85.            Intra module refs:   start_luminance_sensor::?relay
           ENTRY                   ADDRESS         REF BY
           =====                   =======         ======
           start_luminance_sensor
                                   00004318 
               calls direct
               XSTACK = 00000010 ( 00000010 )
    -------------------------------------------------------------------------
<BANKED_CODE,CODE_C> 1 (was BANKED_CODE)
  Relative segment, address: CODE 0000434D - 000043BC (0x70 bytes), align: 0
  Segment part 87.            Intra module refs:   read_luminance_sensor::?relay
           ENTRY                   ADDRESS         REF BY
           =====                   =======         ======
           read_luminance_sensor   0000434D 
               calls direct
               XSTACK = 00000010 ( 0000000A )
    -------------------------------------------------------------------------
<BANKED_CODE,CODE_C> 1 (was BANKED_CODE)
  Relative segment, address: CODE 000043BD - 000043D5 (0x19 bytes), align: 0
  Segment part 89.            Intra module refs:   init_SupplySensor::?relay
           ENTRY                   ADDRESS         REF BY
           =====                   =======         ======
           init_SupplySensor       000043BD 
               XSTACK = 00000009 ( 00000000 )
    -------------------------------------------------------------------------
<BANKED_CODE,CODE_C> 1 (was BANKED_CODE)
  Relative segment, address: CODE 000043D6 - 000043F1 (0x1c bytes), align: 0
  Segment part 91.            Intra module refs:   init_Contact::?relay
           ENTRY                   ADDRESS         REF BY
           =====                   =======         ======
           init_Contact            000043D6 
    -------------------------------------------------------------------------
NEAR_CODE
  Relative segment, address: CODE 0000135C - 00001398 (0x3d bytes), align: 0
  Segment part 95.            Intra module refs:   halKeyPort1Isr::??INTVEC 123
           ENTRY                   ADDRESS         REF BY
           =====                   =======         ======
           halKeyPort1Isr          0000135C 
               interrupt function
               calls direct
               XSTACK = 00000000 ( 0000000E )
    -------------------------------------------------------------------------
<BANKED_CODE,CODE_C> 1 (was BANKED_CODE)
  Relative segment, address: CODE 000043F2 - 00004402 (0x11 bytes), align: 0
  Segment part 93.            Intra module refs:   read_Contact::?relay
           ENTRY                   ADDRESS         REF BY
           =====                   =======         ======
           read_Contact            000043F2 
               XSTACK = 00000010 ( 00000000 )
    -------------------------------------------------------------------------
INTVEC
  Common segment, address: CODE 00000000 - 0000007D (0x7e bytes), align: 0
  Segment part 15. ROOT 
           ENTRY                   ADDRESS         REF BY
           =====                   =======         ======
           halKeyPort1Isr::??INTVEC 123
                                   0000007B 
    -------------------------------------------------------------------------
XDATA_ID
  Relative segment, address: CODE 0000014B - 0000014C (0x2 bytes), align: 0
  Segment part 30.            Intra module refs:   Application_ProcessEvent{5}{6}::luminance_sensor_intervall_counter
    -------------------------------------------------------------------------
XDATA_ID
  Relative segment, address: CODE 0000014D - 0000014E (0x2 bytes), align: 0
  Segment part 32.            Intra module refs:   Application_ProcessEvent{5}{6}{8}{9}::Si7021_intervall_counter
    -------------------------------------------------------------------------
XDATA_ID
  Relative segment, address: CODE 0000014F - 00000150 (0x2 bytes), align: 0
  Segment part 34.            Intra module refs:   Application_ProcessEvent{5}{6}{11}{12}::BME280_intervall_counter
    -------------------------------------------------------------------------
XDATA_ID
  Relative segment, address: CODE 00000151 - 00000152 (0x2 bytes), align: 0
  Segment part 36.            Intra module refs:   Application_ProcessEvent{5}{6}{14}{15}::HTU21D_intervall_counter
    -------------------------------------------------------------------------
XDATA_ID
  Relative segment, address: CODE 00000153 - 00000154 (0x2 bytes), align: 0
  Segment part 38.            Intra module refs:   Application_ProcessEvent{5}{6}::internal_voltage_intervall_counter
    -------------------------------------------------------------------------
XDATA_ID
  Relative segment, address: CODE 00000155 - 00000156 (0x2 bytes), align: 0
  Segment part 40.            Intra module refs:   luminanceDelay
    -------------------------------------------------------------------------
<XDATA_ROM_C> 1 (was XDATA_ROM_C)
  Relative segment, address: CONST 000080BC - 000080BF (0x4 bytes), align: 0
  Segment part 41.            Intra module refs:   Application_Init
                                                   gapWriteAdvEnableStatus (gap_peridevmgr)
           ENTRY                   ADDRESS         REF BY
           =====                   =======         ======
           __Constant_3e8          000080BC 
    -------------------------------------------------------------------------
<XDATA_ROM_C> 1 (was XDATA_ROM_C)
  Relative segment, address: CONST 00008040 - 00008043 (0x4 bytes), align: 0
  Segment part 42.            Intra module refs:   Application_ProcessEvent
           ENTRY                   ADDRESS         REF BY
           =====                   =======         ======
           __Constant_4e20         00008040 
    -------------------------------------------------------------------------
<XDATA_ROM_C> 1 (was XDATA_ROM_C)
  Relative segment, address: CONST 00008014 - 00008017 (0x4 bytes), align: 0
  Segment part 43.            Intra module refs:   Application_ProcessEvent
           ENTRY                   ADDRESS         REF BY
           =====                   =======         ======
           __Constant_f            00008014 
    -------------------------------------------------------------------------
<XDATA_ROM_C> 1 (was XDATA_ROM_C)
  Relative segment, address: CONST 00008018 - 0000801B (0x4 bytes), align: 0
  Segment part 44.            Intra module refs:   read_internal_voltage
           ENTRY                   ADDRESS         REF BY
           =====                   =======         ======
           __Constant_3f1c538f     00008018 
    -------------------------------------------------------------------------
<XDATA_ROM_C> 1 (was XDATA_ROM_C)
  Relative segment, address: CONST 0000801C - 0000801F (0x4 bytes), align: 0
  Segment part 45.            Intra module refs:   read_internal_voltage
           ENTRY                   ADDRESS         REF BY
           =====                   =======         ======
           __Constant_40400000     0000801C 
    -------------------------------------------------------------------------
BANK_RELAYS
  Relative segment, address: CODE 00000217 - 0000021C (0x6 bytes), align: 0
  Segment part 48.            Intra module refs:   HalI2CRead
                                                   HalI2CWrite
           LOCAL                   ADDRESS         
           =====                   =======         
           i2cMstStrt::?relay      00000217 
    -------------------------------------------------------------------------
BANK_RELAYS
  Relative segment, address: CODE 0000021D - 00000222 (0x6 bytes), align: 0
  Segment part 52.
           ENTRY                   ADDRESS         REF BY
           =====                   =======         ======
           HalI2CInit::?relay      0000021D        init_BME280 (BME280)
                                                   init_HTU21D (HTU21D)
                                                   init_Si7021 (Si7021)
    -------------------------------------------------------------------------
BANK_RELAYS
  Relative segment, address: CODE 00000223 - 00000228 (0x6 bytes), align: 0
  Segment part 54.
           ENTRY                   ADDRESS         REF BY
           =====                   =======         ======
           HalI2CRead::?relay      00000223        init_BME280 (BME280)
                                                   read_BME280 (BME280)
                                                   read_SerialNumber_Si7021 (Si7021)
                                                   read_Si7021 (Si7021)
                                                   read_humidity_HTU21D (HTU21D)
                                                   read_temperature_HTU21D (HTU21D)
    -------------------------------------------------------------------------
BANK_RELAYS
  Relative segment, address: CODE 00000229 - 0000022E (0x6 bytes), align: 0
  Segment part 56.
           ENTRY                   ADDRESS         REF BY
           =====                   =======         ======
           HalI2CWrite::?relay     00000229        init_BME280 (BME280)
                                                   init_HTU21D (HTU21D)
                                                   init_Si7021 (Si7021)
                                                   measure_humidity_HTU21D (HTU21D)
                                                   measure_temperature_HTU21D (HTU21D)
                                                   read_BME280 (BME280)
                                                   read_SerialNumber_Si7021 (Si7021)
                                                   read_Si7021 (Si7021)
                                                   soft_reset_HTU21D (HTU21D)
                                                   start_BME280 (BME280)
                                                   start_Si7021 (Si7021)
    -------------------------------------------------------------------------
BANK_RELAYS
  Relative segment, address: CODE 0000022F - 00000234 (0x6 bytes), align: 0
  Segment part 63.
           ENTRY                   ADDRESS         REF BY
           =====                   =======         ======
           HalI2CEnterSleep::?relay
                                   0000022F        ?Subroutine1 (HTU21D)
                                                   init_BME280 (BME280)
                                                   init_HTU21D (HTU21D)
                                                   init_Si7021 (Si7021)
                                                   measure_humidity_HTU21D (HTU21D)
                                                   measure_temperature_HTU21D (HTU21D)
                                                   read_BME280 (BME280)
                                                   read_Si7021 (Si7021)
                                                   start_BME280 (BME280)
                                                   start_Si7021 (Si7021)
    -------------------------------------------------------------------------
BANK_RELAYS
  Relative segment, address: CODE 00000235 - 0000023A (0x6 bytes), align: 0
  Segment part 65.
           ENTRY                   ADDRESS         REF BY
           =====                   =======         ======
           HalI2CExitSleep::?relay
                                   00000235        measure_humidity_HTU21D (HTU21D)
                                                   measure_temperature_HTU21D (HTU21D)
                                                   read_BME280 (BME280)
                                                   read_Si7021 (Si7021)
                                                   read_humidity_HTU21D (HTU21D)
                                                   read_temperature_HTU21D (HTU21D)
                                                   start_BME280 (BME280)
                                                   start_Si7021 (Si7021)
    -------------------------------------------------------------------------
BANK_RELAYS
  Relative segment, address: CODE 0000023B - 00000240 (0x6 bytes), align: 0
  Segment part 67.
           ENTRY                   ADDRESS         REF BY
           =====                   =======         ======
           Application_Init::?relay
                                   0000023B        osalInitTasks (OSAL_SimpleBLEBroadcaster)
    -------------------------------------------------------------------------
BANK_RELAYS
  Relative segment, address: CODE 00000241 - 00000246 (0x6 bytes), align: 0
  Segment part 69.            Intra module refs:   Application_ProcessEvent
           ENTRY                   ADDRESS         REF BY
           =====                   =======         ======
           init_Modules::?relay    00000241 
    -------------------------------------------------------------------------
BANK_RELAYS
  Relative segment, address: CODE 00000247 - 0000024C (0x6 bytes), align: 0
  Segment part 71.
           ENTRY                   ADDRESS         REF BY
           =====                   =======         ======
           Application_ProcessEvent::?relay
                                   00000247        tasksArr (OSAL_SimpleBLEBroadcaster)
    -------------------------------------------------------------------------
BANK_RELAYS
  Relative segment, address: CODE 0000024D - 00000252 (0x6 bytes), align: 0
  Segment part 77.            Intra module refs:   Application_Init
           ENTRY                   ADDRESS         REF BY
           =====                   =======         ======
           init_adc::?relay        0000024D 
    -------------------------------------------------------------------------
BANK_RELAYS
  Relative segment, address: CODE 00000253 - 00000258 (0x6 bytes), align: 0
  Segment part 79.            Intra module refs:   Application_ProcessEvent
           ENTRY                   ADDRESS         REF BY
           =====                   =======         ======
           read_internal_voltage::?relay
                                   00000253 
    -------------------------------------------------------------------------
BANK_RELAYS
  Relative segment, address: CODE 00000259 - 0000025E (0x6 bytes), align: 0
  Segment part 84.            Intra module refs:   init_Modules
           ENTRY                   ADDRESS         REF BY
           =====                   =======         ======
           init_luminance_sensor::?relay
                                   00000259 
    -------------------------------------------------------------------------
BANK_RELAYS
  Relative segment, address: CODE 0000025F - 00000264 (0x6 bytes), align: 0
  Segment part 86.            Intra module refs:   Application_ProcessEvent
           ENTRY                   ADDRESS         REF BY
           =====                   =======         ======
           start_luminance_sensor::?relay
                                   0000025F 
    -------------------------------------------------------------------------
BANK_RELAYS
  Relative segment, address: CODE 00000265 - 0000026A (0x6 bytes), align: 0
  Segment part 88.            Intra module refs:   Application_ProcessEvent
           ENTRY                   ADDRESS         REF BY
           =====                   =======         ======
           read_luminance_sensor::?relay
                                   00000265 
    -------------------------------------------------------------------------
BANK_RELAYS
  Relative segment, address: CODE 0000026B - 00000270 (0x6 bytes), align: 0
  Segment part 90.            Intra module refs:   Application_Init
           ENTRY                   ADDRESS         REF BY
           =====                   =======         ======
           init_SupplySensor::?relay
                                   0000026B 
    -------------------------------------------------------------------------
BANK_RELAYS
  Relative segment, address: CODE 00000271 - 00000276 (0x6 bytes), align: 0
  Segment part 92.            Intra module refs:   init_Modules
           ENTRY                   ADDRESS         REF BY
           =====                   =======         ======
           init_Contact::?relay    00000271 
    -------------------------------------------------------------------------
BANK_RELAYS
  Relative segment, address: CODE 00000277 - 0000027C (0x6 bytes), align: 0
  Segment part 94.            Intra module refs:   Application_ProcessEvent
                                                   halKeyPort1Isr
           ENTRY                   ADDRESS         REF BY
           =====                   =======         ======
           read_Contact::?relay    00000277 
    -------------------------------------------------------------------------
<XDATA_ROM_C_FLASH> 1 (was XDATA_ROM_C_FLASH)
  Relative segment, address: CODE 000080BC - 000080BF (0x4 bytes), align: 0
  Segment part 96.            Intra module refs:   __Constant_3e8
    -------------------------------------------------------------------------
<XDATA_ROM_C_FLASH> 1 (was XDATA_ROM_C_FLASH)
  Relative segment, address: CODE 00008040 - 00008043 (0x4 bytes), align: 0
  Segment part 97.            Intra module refs:   __Constant_4e20
    -------------------------------------------------------------------------
<XDATA_ROM_C_FLASH> 1 (was XDATA_ROM_C_FLASH)
  Relative segment, address: CODE 00008014 - 00008017 (0x4 bytes), align: 0
  Segment part 98.            Intra module refs:   __Constant_f
    -------------------------------------------------------------------------
<XDATA_ROM_C_FLASH> 1 (was XDATA_ROM_C_FLASH)
  Relative segment, address: CODE 00008018 - 0000801B (0x4 bytes), align: 0
  Segment part 99.            Intra module refs:   __Constant_3f1c538f
    -------------------------------------------------------------------------
<XDATA_ROM_C_FLASH> 1 (was XDATA_ROM_C_FLASH)
  Relative segment, address: CODE 0000801C - 0000801F (0x4 bytes), align: 0
  Segment part 100.           Intra module refs:   __Constant_40400000

    *************************************************************************

  FILE NAME : D:\BLE-Broadcaster-Software\Projects\ble\SimpleBLEBroadcaster\CC2541DB\CC2541\Obj\BME280.r51
  PROGRAM MODULE, NAME : BME280

  SEGMENTS IN THE MODULE
  ======================
XDATA_Z
  Relative segment, address: XDATA 00000287 - 00000288 (0x2 bytes), align: 0
  Segment part 6.             Intra module refs:   BME280_compensate_T_int32
                                                   init_BME280
           ENTRY                   ADDRESS         REF BY
           =====                   =======         ======
           dig_T1                  00000287 
    -------------------------------------------------------------------------
XDATA_Z
  Relative segment, address: XDATA 00000289 - 0000028A (0x2 bytes), align: 0
  Segment part 7.             Intra module refs:   BME280_compensate_T_int32
                                                   init_BME280
           ENTRY                   ADDRESS         REF BY
           =====                   =======         ======
           dig_T2                  00000289 
    -------------------------------------------------------------------------
XDATA_Z
  Relative segment, address: XDATA 0000028B - 0000028C (0x2 bytes), align: 0
  Segment part 8.             Intra module refs:   BME280_compensate_T_int32
                                                   init_BME280
           ENTRY                   ADDRESS         REF BY
           =====                   =======         ======
           dig_T3                  0000028B 
    -------------------------------------------------------------------------
XDATA_Z
  Relative segment, address: XDATA 0000028D - 0000028E (0x2 bytes), align: 0
  Segment part 9.             Intra module refs:   BME280_compensate_P_int32
                                                   init_BME280
           ENTRY                   ADDRESS         REF BY
           =====                   =======         ======
           dig_P1                  0000028D 
    -------------------------------------------------------------------------
XDATA_Z
  Relative segment, address: XDATA 0000028F - 00000290 (0x2 bytes), align: 0
  Segment part 10.            Intra module refs:   BME280_compensate_P_int32
                                                   init_BME280
           ENTRY                   ADDRESS         REF BY
           =====                   =======         ======
           dig_P2                  0000028F 
    -------------------------------------------------------------------------
XDATA_Z
  Relative segment, address: XDATA 00000291 - 00000292 (0x2 bytes), align: 0
  Segment part 11.            Intra module refs:   BME280_compensate_P_int32
                                                   init_BME280
           ENTRY                   ADDRESS         REF BY
           =====                   =======         ======
           dig_P3                  00000291 
    -------------------------------------------------------------------------
XDATA_Z
  Relative segment, address: XDATA 00000293 - 00000294 (0x2 bytes), align: 0
  Segment part 12.            Intra module refs:   BME280_compensate_P_int32
                                                   init_BME280
           ENTRY                   ADDRESS         REF BY
           =====                   =======         ======
           dig_P4                  00000293 
    -------------------------------------------------------------------------
XDATA_Z
  Relative segment, address: XDATA 00000295 - 00000296 (0x2 bytes), align: 0
  Segment part 13.            Intra module refs:   BME280_compensate_P_int32
                                                   init_BME280
           ENTRY                   ADDRESS         REF BY
           =====                   =======         ======
           dig_P5                  00000295 
    -------------------------------------------------------------------------
XDATA_Z
  Relative segment, address: XDATA 00000297 - 00000298 (0x2 bytes), align: 0
  Segment part 14.            Intra module refs:   BME280_compensate_P_int32
                                                   init_BME280
           ENTRY                   ADDRESS         REF BY
           =====                   =======         ======
           dig_P6                  00000297 
    -------------------------------------------------------------------------
XDATA_Z
  Relative segment, address: XDATA 00000299 - 0000029A (0x2 bytes), align: 0
  Segment part 15.            Intra module refs:   BME280_compensate_P_int32
                                                   init_BME280
           ENTRY                   ADDRESS         REF BY
           =====                   =======         ======
           dig_P7                  00000299 
    -------------------------------------------------------------------------
XDATA_Z
  Relative segment, address: XDATA 0000029B - 0000029C (0x2 bytes), align: 0
  Segment part 16.            Intra module refs:   BME280_compensate_P_int32
                                                   init_BME280
           ENTRY                   ADDRESS         REF BY
           =====                   =======         ======
           dig_P8                  0000029B 
    -------------------------------------------------------------------------
XDATA_Z
  Relative segment, address: XDATA 0000029D - 0000029E (0x2 bytes), align: 0
  Segment part 17.            Intra module refs:   BME280_compensate_P_int32
                                                   init_BME280
           ENTRY                   ADDRESS         REF BY
           =====                   =======         ======
           dig_P9                  0000029D 
    -------------------------------------------------------------------------
XDATA_Z
  Relative segment, address: XDATA 0000029F - 0000029F (0x1 bytes), align: 0
  Segment part 18.            Intra module refs:   BME280_compensate_H_double
                                                   init_BME280
           ENTRY                   ADDRESS         REF BY
           =====                   =======         ======
           dig_H1                  0000029F 
    -------------------------------------------------------------------------
XDATA_Z
  Relative segment, address: XDATA 000002A0 - 000002A1 (0x2 bytes), align: 0
  Segment part 19.            Intra module refs:   BME280_compensate_H_double
                                                   init_BME280
           ENTRY                   ADDRESS         REF BY
           =====                   =======         ======
           dig_H2                  000002A0 
    -------------------------------------------------------------------------
XDATA_Z
  Relative segment, address: XDATA 000002A2 - 000002A2 (0x1 bytes), align: 0
  Segment part 20.            Intra module refs:   BME280_compensate_H_double
                                                   init_BME280
           ENTRY                   ADDRESS         REF BY
           =====                   =======         ======
           dig_H3                  000002A2 
    -------------------------------------------------------------------------
XDATA_Z
  Relative segment, address: XDATA 000002A3 - 000002A4 (0x2 bytes), align: 0
  Segment part 21.            Intra module refs:   BME280_compensate_H_double
                                                   init_BME280
           ENTRY                   ADDRESS         REF BY
           =====                   =======         ======
           dig_H4                  000002A3 
    -------------------------------------------------------------------------
XDATA_Z
[...]
                                                   halSleep (hal_sleep)
                                                   llFindNextSecTask (ll_scheduler)
                                                   llScheduleTask (ll_scheduler)
                                                   llScheduler (ll_scheduler)
                                                   osal_start_reload_timer (OSAL_Timers)
                                                   start_luminance_sensor (Application)
    -------------------------------------------------------------------------
RCODE
  Relative segment, address: CODE 000012D0 - 000012D3 (0x4 bytes), align: 0
  Segment part 2.
           ENTRY                   ADDRESS         REF BY
           =====                   =======         ======
           ?PUSH_XSTACK_I_TWO      000012D0        Advertise_init (simpleBLEBroadcaster)
                                                   Application_ProcessEvent (Application)
                                                   GAPRole_GetParameter (broadcaster)
                                                   GAPRole_SetParameter (broadcaster)
                                                   GAPRole_StartDevice (broadcaster)
                                                   GAP_UpdateAdvertisingData (gap_peridevmgr)
                                                   HCI_CommandCompleteEvent (hci_event)
                                                   HCI_SendCommandCompleteEvent (hci_event)
                                                   HCI_VendorSpecifcCommandCompleteEvent (hci_event_PATCH)
                                                   LL_Init (ll)
                                                   LL_RandCback (hci)
                                                   LL_SetAdvData (ll)
                                                   LL_SetScanRspData (ll)
                                                   cleanErasedPage (osal_snv)
                                                   compactPage (osal_snv)
                                                   erasePage (osal_snv)
                                                   findItem (osal_snv)
                                                   findOffset (osal_snv)
                                                   gapSetAdvParams (gap_peridevmgr)
                                                   initNV (osal_snv)
                                                   isLimitedDiscoverableMode (gap_peridevmgr)
                                                   llFindTxPowerSettings (ll_common)
                                                   osal_memset (OSAL)
                                                   osal_msg_receive (OSAL)
                                                   verifyWordM (osal_snv)
                                                   writeWord (osal_snv)
    -------------------------------------------------------------------------
RCODE
  Relative segment, address: CODE 000012D4 - 000012D5 (0x2 bytes), align: 0
  Segment part 3.
           ENTRY                   ADDRESS         REF BY
           =====                   =======         ======
           ?PUSH_XSTACK_I_ONE      000012D4        Advertise_init (simpleBLEBroadcaster)
                                                   HCI_LE_SetAdvParamCmd (hci)
                                                   gapSetAdvParams (gap_peridevmgr)
                                                   writeWord (osal_snv)
    -------------------------------------------------------------------------
RCODE
  Relative segment, address: CODE 000012D6 - 000012E2 (0xd bytes), align: 0
  Segment part 4.             Intra module refs:   ?PUSH_XSTACK_I_FOUR
                                                   ?PUSH_XSTACK_I_ONE
                                                   ?PUSH_XSTACK_I_TWO
           ENTRY                   ADDRESS         REF BY
           =====                   =======         ======
           ?PUSH_XSTACK_I          000012D6 

    -------------------------------------------------------------------------
  LIBRARY MODULE, NAME : ?PUSH_XSTACK8_X

  SEGMENTS IN THE MODULE
  ======================
RCODE
  Relative segment, address: CODE 000012E3 - 000012E6 (0x4 bytes), align: 0
  Segment part 1.
           ENTRY                   ADDRESS         REF BY
           =====                   =======         ======
           ?PUSH_XSTACK8_X_FOUR    000012E3        Advertise_single (simpleBLEBroadcaster)
                                                   Application_Init (Application)
                                                   Application_ProcessEvent (Application)
                                                   SimpleBLEBroadcaster_ProcessEvent (simpleBLEBroadcaster)
                                                   gapWriteAdvEnableStatus (gap_peridevmgr)
                                                   halSleep (hal_sleep)
                                                   osal_start_timerEx (OSAL_Timers)
    -------------------------------------------------------------------------
RCODE
  Relative segment, address: CODE 000012E7 - 000012EA (0x4 bytes), align: 0
  Segment part 3.
           ENTRY                   ADDRESS         REF BY
           =====                   =======         ======
           ?PUSH_XSTACK8_X_TWO     000012E7        HCI_LE_SetAdvParamCmd (hci)
                                                   llScheduleTask (ll_scheduler)
    -------------------------------------------------------------------------
RCODE
  Relative segment, address: CODE 000012EB - 00001313 (0x29 bytes), align: 0
  Segment part 5.             Intra module refs:   ?PUSH_XSTACK8_X_FOUR
                                                   ?PUSH_XSTACK8_X_TWO
           ENTRY                   ADDRESS         REF BY
           =====                   =======         ======
           ?PUSH_XSTACK8_X         000012EB 

    -------------------------------------------------------------------------
  LIBRARY MODULE, NAME : ?US_SWITCH_DENSE

  SEGMENTS IN THE MODULE
  ======================
RCODE
  Relative segment, address: CODE 00001314 - 0000131A (0x7 bytes), align: 0
  Segment part 0.
           ENTRY                   ADDRESS         REF BY
           =====                   =======         ======
           ?US_SWITCH_DENSE        00001314        GAPRole_GetParameter (broadcaster)
                                                   GAPRole_SetParameter (broadcaster)
                                                   gapPeriProcessHCICmdCompleteEvt (gap_peridevmgr)
           ?US_SD_CFI_INV_BEGINS   00001314 
    -------------------------------------------------------------------------
RCODE
  Relative segment, address: CODE 0000131B - 00001358 (0x3e bytes), align: 0
  Segment part 2.             Intra module refs:   Segment part 0
    -------------------------------------------------------------------------
RCODE
  Relative segment, address: CODE 00001359 - 00001359 (0x1 bytes), align: 0
  Segment part 4.             Intra module refs:   Segment part 0
           ENTRY                   ADDRESS         REF BY
           =====                   =======         ======
           ?US_SD_CFI_INV_ENDS     0000135A 

    -------------------------------------------------------------------------
  LIBRARY MODULE, NAME : ?memset

  SEGMENTS IN THE MODULE
  ======================
<BANKED_CODE,CODE_C> 1 (was BANKED_CODE)
  Relative segment, address: CODE 000075C4 - 000075EF (0x2c bytes), align: 0
  Segment part 6.             Intra module refs:   memset::?relay
           ENTRY                   ADDRESS         REF BY
           =====                   =======         ======
           memset                  000075C4 
               XSTACK = 00000002 ( 00000000 )
               ISTACK = 00000000 ( 00000002 )
    -------------------------------------------------------------------------
BANK_RELAYS
  Relative segment, address: CODE 0000074B - 00000750 (0x6 bytes), align: 0
  Segment part 7.
           ENTRY                   ADDRESS         REF BY
           =====                   =======         ======
           memset::?relay          0000074B        osal_memset (OSAL)




                ****************************************
                *                                      *
                *            MODULE SUMMARY            *
                *                                      *
                ****************************************

Module                       CODE      DATA      XDATA  IDATA    BIT  CONST
------                       ----      ----      -----  -----    ---  -----
                            (Rel)  (Rel)  (Abs)  (Rel)  (Rel)  (Rel)  (Rel)
?ADD_XSTACK_DISP8              27
?ALLOC_XSTACK8                 22
?BANKED_CODE_SUPPORT           30
?BANKED_ENTER_XDATA           108
?BANKED_LEAVE_XDATA            70
?CALL_IND                       2
?DEALLOC_XSTACK8               27
?FLT_ADD                      575
?FLT_GE                        79
?FLT_LT                        76
?FLT_MUL                      384
?FLT_TEST_INF                  20
?FLT_TEST_INF_R1               20
?FLT_TEST_NAN                  15
?FLT_TEST_NAN_R1               15
?FLT_TEST_ZERO                  9
?FLT_TEST_ZERO_R1               9
?FLT_TO_L                     143
?FUNC_ENTER_XDATA             102
?FUNC_LEAVE_XDATA              64
?INTERRUPT_ENTER_XSP           95
?INTERRUPT_LEAVE_XSP           88
?L_ADD                         19
?L_ADD_TO_X                    19
?L_ADD_X                       19
?L_AND_X                       19
?L_EQ_X                        21
?L_IOR                         19
?L_MOV_TO_X                    15
?L_MOV_X                       15
?L_MUL                        128
?L_NEG                         20
?L_SHL                         31
?L_SUB                         20
?L_SUB_FROM_X                  20
?L_SUB_X                       24
?L_TO_FLT                     120
?MOVE_LONG8_XDATA_IDATA        13
?MOVE_LONG8_XDATA_XDATA        33
?PUSH_XSTACK8_X                49
?PUSH_XSTACK_I                 23
?SL_SHR                        26
?SS_SHR                        16
?S_DIV_MOD                     89
?S_SHL                         19
?UL_DIV_MOD                   111
?UL_GE_X                       31
?UL_GT                         16
?UL_GT_X                       16
?UL_SHR                        25
?US_SHR                        15
?US_SWITCH_DENSE               70
?XLOAD_R0123                   12
?XLOAD_R2345                   12
?XSTACK_DISP8                  10
?XSTACK_DISP8_RP               24
?XSTORE_R0123                  12
?cexit                          5
?cmain                        132
?memset                        50
Application                 1 667             6     18                   16
  + shared                    126             8                           4
  + common
BME280                      2 511                   37                   52
  + shared                                                               16
CSTARTUP                       18
  + common                      3
HTU21D                        538
  + shared                                                               16
OSAL                        1 283                    3
OSAL_ClockBLE                 253                   10
OSAL_Memory                   532                1 027
OSAL_PwrMgr                   185                    7
OSAL_SimpleBLEBroadcaster      84                    2                   13
OSAL_Timers                 1 183                    6
OnBoard                         6
Si7021                        522
SimpleBLEBroadcaster_Main      83             1
  + shared                                    1
VIRTUAL_REGISTERS                     18                           8
broadcaster                   803                   88
gap                            40
gap_configmgr                 308                  100
gap_devmgr                    179                    2
gap_peridevmgr              1 636                   13
gap_simpletask                 38                    3
hal_adc                       209             4      1
  + shared                                    1
hal_aes                        85
  + shared                                    3
hal_dma                        25             4     40
hal_drivers                   206                    1
hal_flash                     279
  + shared                                    1
hal_led                        18
hal_sleep                     554      1      2      2                   20
  + shared                     46             6                           4
  + common
hal_startup                    11
hci                           503                    1
hci_event                     680                    9
hci_event_PATCH               263                    8
hci_tl                        147                    6
ll                          1 970             7    169      2
  + shared                                    2                          12
ll_advEndCauses               604
ll_common                   1 679            10                          16
ll_constData                    8
ll_enc                        305             3
ll_errorEndCauses               9
ll_halt                         7      2
ll_isr                        588
  + shared                    134             9
  + common
ll_scheduler                1 952                   61                    8
ll_sleep                      775             1                          12
  + shared                                                                4
ll_timer2                   1 200             8
osal_bufmgr                   149                    2
osal_cbtimer                  309                   62
osal_snv                    5 465                    4                    4
  + shared                                                                4
phy                           669                    1
simpleBLEBroadcaster          615                   43
  + shared                                                                8
N/A (command line)                    10           640    204
N/A (alignment)                 3
----------                 ------     --     --  -----    ---      -    ---
Total:                     34 454     31     77  2 366    206      8    209
  + common                    134


                ****************************************
                *                                      *
                *      SEGMENTS IN ADDRESS ORDER       *
                *                                      *
                ****************************************


SEGMENT              SPACE    START ADDRESS   END ADDRESS     SIZE  TYPE  ALIGN
=======              =====    =============   ===========     ====  ====  =====
INTVEC               CODE          00000000 - 00000085          86   com    0
CSTART               CODE          00000086 - 00000149          C4   rel    0
BDATA_ID             CODE               0000014A                     dse    0
BIT_ID               CODE               0000014A                     dse    0
DATA_ID              CODE          0000014A - 0000014A           1   rel    0
PDATA_ID             CODE               0000014B                     dse    0
IXDATA_ID            CODE               0000014B                     dse    0
IDATA_ID             CODE               0000014B                     dse    0
XDATA_ID             CODE          0000014B - 00000216          CC   rel    0
BANK_RELAYS          CODE          00000217 - 00000750         53A   rel    0
RCODE                CODE          00000751 - 00001359         C09   rel    0
CODE_N               CODE               0000135A                     dse    0
DIFUNCT              CODE               0000135A                     dse    0
NEAR_CODE            CODE          0000135C - 000019CC         671   rel    2
<BANKED_CODE> 1      CODE          000019CD - 000019CF           3   rel    0
<BANKED_CODE,CODE_C> 1
                     CODE          000019D0 - 00007644        5C75   rel    2
SLEEP_CODE           CODE          00007FF8 - 00007FFF           8   rel    0
<XDATA_ROM_C_FLASH> 1
                     CODE          00008000 - 000080D0          D1   rel    0
BLENV_ADDRESS_SPACE
                     CODE          0003E800 - 0003F7FF        1000   rel    0
REGISTERS            DATA          00000000 - 00000007           8   rel    0
VREG                 DATA          00000008 - 00000019          12   rel    0
PSP                  DATA               0000001A                     dse    0
XSP                  DATA          0000001A - 0000001B           2   rel    0
DATA_I               DATA          0000001C - 0000001C           1   rel    0
DATA_Z               DATA          0000001D - 0000001E           2   rel    0
BREG                 BIT        00000020.0  -  00000020.7        8   rel    0
SFR_AN               DATA          00000080 - 00000080           1   rel    0
                     DATA          00000087 - 00000088           2 
                     DATA          0000008A - 0000008A           1 
                     DATA          0000008C - 0000008D           2 
                     DATA          0000008F - 00000091           3 
                     DATA          00000094 - 00000097           4 
                     DATA          0000009A - 000000A9          10 
                     DATA          000000AB - 000000AF           5 
                     DATA          000000B3 - 000000B4           2 
                     DATA          000000B6 - 000000B6           1 
                     DATA          000000B8 - 000000C0           9 
                     DATA          000000C3 - 000000C3           1 
                     DATA          000000C6 - 000000C7           2 
                     DATA          000000C9 - 000000C9           1 
                     DATA          000000D1 - 000000D7           7 
                     DATA          000000D9 - 000000DB           3 
                     DATA          000000E1 - 000000E5           5 
                     DATA          000000E8 - 000000E9           2 
                     DATA          000000F2 - 000000F2           1 
                     DATA          000000F2 - 000000F7           6 
                     DATA          000000FD - 000000FF           3 
XSTACK               XDATA         00000001 - 00000280         280   rel    0
XDATA_Z              XDATA         00000281 - 00000872         5F2   rel    0
XDATA_I              XDATA         00000873 - 0000093E          CC   rel    0
<XDATA_ROM_C> 1      CONST         00008000 - 000080D0          D1   rel    0
IDATA_I              IDATA              0000001F                     dse    0
IDATA_Z              IDATA         00000021 - 00000022           2   rel    0
ISTACK               IDATA         00000034 - 000000FF          CC   rel    0

                ****************************************
                *                                      *
                *        END OF CROSS REFERENCE        *
                *                                      *
                ****************************************

 34 588 bytes of CODE  memory
     31 bytes of DATA  memory (+ 77 absolute )
  2 366 bytes of XDATA memory
    206 bytes of IDATA memory
      8 bits  of BIT   memory
    209 bytes of CONST memory

Errors: none
Warnings: none

